46.70.225.39
46.70.147.26
46.70.113.73
46.70.29.76
