1.231.69.33
1.87.203.225
1.70.44.170
1.29.168.152
1.1.234.8
